
There are no discarded input sections

Memory Configuration

Name             Origin             Length             Attributes
flash            0x08000000         0x00100000         xr
ram              0x20000000         0x00020000         xrw
*default*        0x00000000         0xffffffff

Linker script and memory map

LOAD CMakeFiles/lab1.dir/src/main.c.o
LOAD CMakeFiles/lab1.dir/src/startup.c.o
START GROUP
LOAD /usr/lib/gcc/arm-none-eabi/13.2.1/thumb/v7e-m/nofp/libgcc.a
LOAD /usr/lib/gcc/arm-none-eabi/13.2.1/../../../arm-none-eabi/lib/thumb/v7e-m/nofp/libg.a
LOAD /usr/lib/gcc/arm-none-eabi/13.2.1/../../../arm-none-eabi/lib/thumb/v7e-m/nofp/libc.a
END GROUP
                0x20020000                        PROVIDE (_stack_top = (ORIGIN (ram) + LENGTH (ram)))

.vector         0x08000000       0x6c
                0x08000000                        . = ALIGN (0x4)
                0x08000000                        _svector = .
 *(.vectors)
 .vectors       0x08000000        0x8 CMakeFiles/lab1.dir/src/startup.c.o
                0x08000000                vectors
 *(.reset_handler)
 .reset_handler
                0x08000008       0x64 CMakeFiles/lab1.dir/src/startup.c.o
                0x08000008                Reset_Handler
                0x0800006c                        . = ALIGN (0x4)
                0x0800006c                        _evector = .

.text           0x0800006c       0x6c
                0x0800006c                        . = ALIGN (0x4)
                0x0800006c                        _stext = .
 *(.text .text.*)
 .text          0x0800006c        0x0 CMakeFiles/lab1.dir/src/main.c.o
 .text.main     0x0800006c       0x6c CMakeFiles/lab1.dir/src/main.c.o
                0x0800006c                main
 .text          0x080000d8        0x0 CMakeFiles/lab1.dir/src/startup.c.o
 *(.rodata .rodata*)
                0x080000d8                        . = ALIGN (0x4)
                0x080000d8                        _etext = .

.glue_7         0x080000d8        0x0
 .glue_7        0x080000d8        0x0 linker stubs

.glue_7t        0x080000d8        0x0
 .glue_7t       0x080000d8        0x0 linker stubs

.vfp11_veneer   0x080000d8        0x0
 .vfp11_veneer  0x080000d8        0x0 linker stubs

.v4_bx          0x080000d8        0x0
 .v4_bx         0x080000d8        0x0 linker stubs

.iplt           0x080000d8        0x0
 .iplt          0x080000d8        0x0 CMakeFiles/lab1.dir/src/startup.c.o

.rel.dyn        0x080000d8        0x0
 .rel.iplt      0x080000d8        0x0 CMakeFiles/lab1.dir/src/startup.c.o

.data           0x20000000        0x0 load address 0x080000d8
                0x20000000                        . = ALIGN (0x4)
                0x20000000                        _srelocate = .
 *(.data .data.*)
 .data          0x20000000        0x0 CMakeFiles/lab1.dir/src/main.c.o
 .data          0x20000000        0x0 CMakeFiles/lab1.dir/src/startup.c.o
                0x20000000                        . = ALIGN (0x4)
                0x20000000                        _erelocate = .

.igot.plt       0x20000000        0x0 load address 0x080000d8
 .igot.plt      0x20000000        0x0 CMakeFiles/lab1.dir/src/startup.c.o

.bss            0x20000000        0x0 load address 0x080000d8
                0x20000000                        . = ALIGN (0x4)
                0x20000000                        _sbss = .
 *(.bss .bss.*)
 .bss           0x20000000        0x0 CMakeFiles/lab1.dir/src/main.c.o
 .bss           0x20000000        0x0 CMakeFiles/lab1.dir/src/startup.c.o
                0x20000000                        . = ALIGN (0x4)
                0x20000000                        _ebss = .
                0x20000000                        . = ALIGN (0x4)
                0x20000000                        _end = .
OUTPUT(lab1 elf32-littlearm)
LOAD linker stubs

.debug_info     0x00000000      0x406
 .debug_info    0x00000000      0x2df CMakeFiles/lab1.dir/src/main.c.o
 .debug_info    0x000002df      0x127 CMakeFiles/lab1.dir/src/startup.c.o

.debug_abbrev   0x00000000      0x1b2
 .debug_abbrev  0x00000000       0xd1 CMakeFiles/lab1.dir/src/main.c.o
 .debug_abbrev  0x000000d1       0xe1 CMakeFiles/lab1.dir/src/startup.c.o

.debug_aranges  0x00000000       0x40
 .debug_aranges
                0x00000000       0x20 CMakeFiles/lab1.dir/src/main.c.o
 .debug_aranges
                0x00000020       0x20 CMakeFiles/lab1.dir/src/startup.c.o

.debug_rnglists
                0x00000000       0x26
 .debug_rnglists
                0x00000000       0x13 CMakeFiles/lab1.dir/src/main.c.o
 .debug_rnglists
                0x00000013       0x13 CMakeFiles/lab1.dir/src/startup.c.o

.debug_line     0x00000000      0x1a2
 .debug_line    0x00000000       0xe0 CMakeFiles/lab1.dir/src/main.c.o
 .debug_line    0x000000e0       0xc2 CMakeFiles/lab1.dir/src/startup.c.o

.debug_str      0x00000000      0x2ef
 .debug_str     0x00000000      0x2ef CMakeFiles/lab1.dir/src/main.c.o
                                0x2aa (size before relaxing)
 .debug_str     0x000002ef      0x1d4 CMakeFiles/lab1.dir/src/startup.c.o

.comment        0x00000000       0x26
 .comment       0x00000000       0x26 CMakeFiles/lab1.dir/src/main.c.o
                                 0x27 (size before relaxing)
 .comment       0x00000026       0x27 CMakeFiles/lab1.dir/src/startup.c.o

.ARM.attributes
                0x00000000       0x2e
 .ARM.attributes
                0x00000000       0x2e CMakeFiles/lab1.dir/src/main.c.o
 .ARM.attributes
                0x0000002e       0x2e CMakeFiles/lab1.dir/src/startup.c.o

.debug_frame    0x00000000       0x5c
 .debug_frame   0x00000000       0x2c CMakeFiles/lab1.dir/src/main.c.o
 .debug_frame   0x0000002c       0x30 CMakeFiles/lab1.dir/src/startup.c.o
